// Jest Snapshot v1, https://goo.gl/fbAQLP

exports[`Results should match snapshot 1`] = `
<DocumentFragment>
  <ul
    class="results"
  >
    <li>
      <span
        class="red"
        data-testid="highlight-result"
      >
        this
      </span>
    </li>
    <li>
      <span
        class="red"
        data-testid="highlight-result"
      >
        is
      </span>
    </li>
  </ul>
</DocumentFragment>
`;
